[    0.000000] Initializing cgroup subsys cpuset
[    0.000000] Initializing cgroup subsys cpu
[    0.000000] Initializing cgroup subsys cpuacct
[    0.000000] Linux version 4.4.0-170-generic (buildd@lcy01-amd64-019) (gcc version 5.4.0 20160609 (Ubuntu 5.4.0-6ubuntu1~16.04.12) ) #199-Ubuntu SMP Thu Nov 14 01:45:04 UTC 2019 (Ubuntu 4.4.0-170.199-generic 4.4.200)
[    0.000000] Command line: BOOT_IMAGE=/boot/vmlinuz-4.4.0-170-generic root=LABEL=cloudimg-rootfs ro console=tty1 console=ttyS0
[    0.000000] KERNEL supported cpus:
[    0.000000]   Intel GenuineIntel
[    0.000000]   AMD AuthenticAMD
[    0.000000]   Centaur CentaurHauls
[    0.000000] x86/fpu: Legacy x87 FPU detected.
[    0.000000] e820: BIOS-provided physical RAM map:
[    0.000000] BIOS-e820: [mem 0x0000000000000000-0x000000000009fbff] usable
[    0.000000] BIOS-e820: [mem 0x000000000009fc00-0x000000000009ffff] reserved
[    0.000000] BIOS-e820: [mem 0x00000000000f0000-0x00000000000fffff] reserved
[    0.000000] BIOS-e820: [mem 0x0000000000100000-0x000000003ffeffff] usable
[    0.000000] BIOS-e820: [mem 0x000000003fff0000-0x000000003fffffff] ACPI data
[    0.000000] BIOS-e820: [mem 0x00000000fec00000-0x00000000fec00fff] reserved
[    0.000000] BIOS-e820: [mem 0x00000000fee00000-0x00000000fee00fff] reserved
[    0.000000] BIOS-e820: [mem 0x00000000fffc0000-0x00000000ffffffff] reserved
[    0.000000] NX (Execute Disable) protection: active
[    0.000000] SMBIOS 2.5 present.
[    0.000000] Hypervisor detected: KVM
[    0.000000] e820: last_pfn = 0x3fff0 max_arch_pfn = 0x400000000
[    0.000000] MTRR: Disabled
[    0.000000] x86/PAT: MTRRs disabled, skipping PAT initialization too.
[    0.000000] CPU MTRRs all blank - virtualized system.
[    0.000000] x86/PAT: Configuration [0-7]: WB  WT  UC- UC  WB  WT  UC- UC  
[    0.000000] found SMP MP-table at [mem 0x0009fff0-0x0009ffff] mapped at [ffff88000009fff0]
[    0.000000] Scanning 1 areas for low memory corruption
[    0.000000] RAMDISK: [mem 0x362f4000-0x37171fff]
[    0.000000] ACPI: Early table checksum verification disabled
[    0.000000] ACPI: RSDP 0x00000000000E0000 000024 (v02 VBOX  )
[    0.000000] ACPI: XSDT 0x000000003FFF0030 00003C (v01 VBOX   VBOXXSDT 00000001 ASL  00000061)
[    0.000000] ACPI: FACP 0x000000003FFF00F0 0000F4 (v04 VBOX   VBOXFACP 00000001 ASL  00000061)
[    0.000000] ACPI: DSDT 0x000000003FFF0470 0022EA (v02 VBOX   VBOXBIOS 00000002 INTL 20100528)
[    0.000000] ACPI: FACS 0x000000003FFF0200 000040
[    0.000000] ACPI: FACS 0x000000003FFF0200 000040
[    0.000000] ACPI: APIC 0x000000003FFF0240 00005C (v02 VBOX   VBOXAPIC 00000001 ASL  00000061)
[    0.000000] ACPI: SSDT 0x000000003FFF02A0 0001CC (v01 VBOX   VBOXCPUT 00000002 INTL 20100528)
[    0.000000] No NUMA configuration found
[    0.000000] Faking a node at [mem 0x0000000000000000-0x000000003ffeffff]
[    0.000000] NODE_DATA(0) allocated [mem 0x3ffeb000-0x3ffeffff]
[    0.000000] kvm-clock: Using msrs 4b564d01 and 4b564d00
[    0.000000] kvm-clock: cpu 0, msr 0:3ffe3001, primary cpu clock
[    0.000000] kvm-clock: using sched offset of 6438383983 cycles
[    0.000000] clocksource: kvm-clock: mask: 0xffffffffffffffff max_cycles: 0x1cd42e4dffb, max_idle_ns: 881590591483 ns
[    0.000000] Zone ranges:
[    0.000000]   DMA      [mem 0x0000000000001000-0x0000000000ffffff]
[    0.000000]   DMA32    [mem 0x0000000001000000-0x000000003ffeffff]
[    0.000000]   Normal   empty
[    0.000000]   Device   empty
[    0.000000] Movable zone start for each node
[    0.000000] Early memory node ranges
[    0.000000]   node   0: [mem 0x0000000000001000-0x000000000009efff]
[    0.000000]   node   0: [mem 0x0000000000100000-0x000000003ffeffff]
[    0.000000] Initmem setup node 0 [mem 0x0000000000001000-0x000000003ffeffff]
[    0.000000] ACPI: PM-Timer IO Port: 0x4008
[    0.000000] IOAPIC[0]: apic_id 2, version 32, address 0xfec00000, GSI 0-23
[    0.000000] ACPI: INT_SRC_OVR (bus 0 bus_irq 0 global_irq 2 dfl dfl)
[    0.000000] ACPI: INT_SRC_OVR (bus 0 bus_irq 9 global_irq 9 low level)
[    0.000000] Using ACPI (MADT) for SMP configuration information
[    0.000000] smpboot: Allowing 2 CPUs, 0 hotplug CPUs
[    0.000000] PM: Registered nosave memory: [mem 0x00000000-0x00000fff]
[    0.000000] PM: Registered nosave memory: [mem 0x0009f000-0x0009ffff]
[    0.000000] PM: Registered nosave memory: [mem 0x000a0000-0x000effff]
[    0.000000] PM: Registered nosave memory: [mem 0x000f0000-0x000fffff]
[    0.000000] e820: [mem 0x40000000-0xfebfffff] available for PCI devices
[    0.000000] Booting paravirtualized kernel on KVM
[    0.000000] clocksource: refined-jiffies: mask: 0xffffffff max_cycles: 0xffffffff, max_idle_ns: 7645519600211568 ns
[    0.000000] setup_percpu: NR_CPUS:512 nr_cpumask_bits:512 nr_cpu_ids:2 nr_node_ids:1
[    0.000000] PERCPU: Embedded 33 pages/cpu @ffff88003fc00000 s95448 r8192 d31528 u1048576
[    0.000000] Built 1 zonelists in Node order, mobility grouping on.  Total pages: 257912
[    0.000000] Policy zone: DMA32
[    0.000000] Kernel command line: BOOT_IMAGE=/boot/vmlinuz-4.4.0-170-generic root=LABEL=cloudimg-rootfs ro console=tty1 console=ttyS0
[    0.000000] PID hash table entries: 4096 (order: 3, 32768 bytes)
[    0.000000] Memory: 997716K/1048120K available (8626K kernel code, 1336K rwdata, 4036K rodata, 1488K init, 1288K bss, 50404K reserved, 0K cma-reserved)
[    0.000000] SLUB: HWalign=64, Order=0-3, MinObjects=0, CPUs=2, Nodes=1
[    0.000000] Kernel/User page tables isolation: enabled
[    0.000000] Hierarchical RCU implementation.
[    0.000000] 	Build-time adjustment of leaf fanout to 64.
[    0.000000] 	RCU restricting CPUs from NR_CPUS=512 to nr_cpu_ids=2.
[    0.000000] RCU: Adjusting geometry for rcu_fanout_leaf=64, nr_cpu_ids=2
[    0.000000] NR_IRQS:33024 nr_irqs:440 16
[    0.000000] Console: colour VGA+ 80x25
[    0.000000] console [tty1] enabled
[    0.000000] console [ttyS0] enabled
[    0.000000] tsc: Detected 2660.458 MHz processor
[    0.219222] Calibrating delay loop (skipped) preset value.. 5320.91 BogoMIPS (lpj=10641832)
[    0.221921] pid_max: default: 32768 minimum: 301
[    0.223824] ACPI: Core revision 20150930
[    0.226190] ACPI: 2 ACPI AML tables successfully acquired and loaded
[    0.228209] Security Framework initialized
[    0.229515] Yama: becoming mindful.
[    0.230735] AppArmor: AppArmor initialized
[    0.232170] Dentry cache hash table entries: 131072 (order: 8, 1048576 bytes)
[    0.235992] Inode-cache hash table entries: 65536 (order: 7, 524288 bytes)
[    0.238190] Mount-cache hash table entries: 2048 (order: 2, 16384 bytes)
[    0.240619] Mountpoint-cache hash table entries: 2048 (order: 2, 16384 bytes)
[    0.242970] Initializing cgroup subsys io
[    0.244367] Initializing cgroup subsys memory
[    0.245809] Initializing cgroup subsys devices
[    0.247349] Initializing cgroup subsys freezer
[    0.248818] Initializing cgroup subsys net_cls
[    0.250277] Initializing cgroup subsys perf_event
[    0.251825] Initializing cgroup subsys net_prio
[    0.253409] Initializing cgroup subsys hugetlb
[    0.254774] Initializing cgroup subsys pids
[    0.256287] mce: CPU supports 0 MCE banks
[    0.258299] Last level iTLB entries: 4KB 512, 2MB 7, 4MB 7
[    0.260604] Last level dTLB entries: 4KB 512, 2MB 32, 4MB 32, 1GB 0
[    0.264513] Spectre V1 : Mitigation: usercopy/swapgs barriers and __user pointer sanitization
[    0.269554] Spectre V2 : Mitigation: Full generic retpoline
[    0.271531] Spectre V2 : Spectre v2 / SpectreRSB mitigation: Filling RSB on context switch
[    0.275180] Speculative Store Bypass: Vulnerable
[    0.276689] MDS: Vulnerable: Clear CPU buffers attempted, no microcode
[    0.282308] Freeing SMP alternatives memory: 36K
[    0.292142] ftrace: allocating 32302 entries in 127 pages
[    0.368943] smpboot: APIC(0) Converting physical 0 to logical package 0
[    0.371262] smpboot: Max logical packages: 1
[    0.372946] x2apic enabled
[    0.374177] Switched APIC routing to physical x2apic.
[    0.377082] ..TIMER: vector=0x30 apic1=0 pin1=2 apic2=-1 pin2=-1
[    0.487043] smpboot: CPU0: Intel(R) Core(TM) i5 CPU       M 560  @ 2.67GHz (family: 0x6, model: 0x25, stepping: 0x5)
[    0.490834] Performance Events: unsupported p6 CPU model 37 no PMU driver, software events only.
[    0.505456] KVM setup paravirtual spinlock
[    0.507980] x86: Booting SMP configuration:
[    0.509715] .... node  #0, CPUs:      #1
[    0.511288] kvm-clock: cpu 1, msr 0:3ffe3041, secondary cpu clock
[    0.513453] mce: CPU supports 0 MCE banks
[    0.516838] x86: Booted up 1 node, 2 CPUs
[    0.518491] smpboot: Total of 2 processors activated (10641.83 BogoMIPS)
[    0.521170] devtmpfs: initialized
[    0.524542] evm: security.selinux
[    0.525695] evm: security.SMACK64
[    0.526914] evm: security.SMACK64EXEC
[    0.528134] evm: security.SMACK64TRANSMUTE
[    0.529451] evm: security.SMACK64MMAP
[    0.530684] evm: security.ima
[    0.531704] evm: security.capability
[    0.533291] clocksource: jiffies: mask: 0xffffffff max_cycles: 0xffffffff, max_idle_ns: 7645041785100000 ns
[    0.536368] futex hash table entries: 512 (order: 3, 32768 bytes)
[    0.538513] pinctrl core: initialized pinctrl subsystem
[    0.540299] RTC time:  7:55:54, date: 01/24/20
[    0.541953] NET: Registered protocol family 16
[    0.556405] cpuidle: using governor ladder
[    0.568079] cpuidle: using governor menu
[    0.569893] PCCT header not found.
[    0.571638] ACPI: bus type PCI registered
[    0.573533] acpiphp: ACPI Hot Plug PCI Controller Driver version: 0.5
[    0.577214] PCI: Using configuration type 1 for base access
[    0.593592] ACPI: Added _OSI(Module Device)
[    0.595650] ACPI: Added _OSI(Processor Device)
[    0.597886] ACPI: Added _OSI(3.0 _SCP Extensions)
[    0.599879] ACPI: Added _OSI(Processor Aggregator Device)
[    0.604109] ACPI: Executed 1 blocks of module-level executable AML code
[    0.610157] ACPI: Interpreter enabled
[    0.612279] ACPI: (supports S0 S5)
[    0.614126] ACPI: Using IOAPIC for interrupt routing
[    0.622143] PCI: Using host bridge windows from ACPI; if necessary, use "pci=nocrs" and report a bug
[    0.644139] ACPI: PCI Root Bridge [PCI0] (domain 0000 [bus 00-ff])
[    0.647037] acpi PNP0A03:00: _OSC: OS supports [ASPM ClockPM Segments MSI]
[    0.650380] acpi PNP0A03:00: _OSC: not requesting OS control; OS requires [ExtendedConfig ASPM ClockPM MSI]
[    0.654712] acpi PNP0A03:00: fail to add MMCONFIG information, can't access extended PCI configuration space under this bridge.
[    0.661993] PCI host bridge to bus 0000:00
[    0.664298] pci_bus 0000:00: root bus resource [io  0x0000-0x0cf7 window]
[    0.666909] pci_bus 0000:00: root bus resource [io  0x0d00-0xffff window]
[    0.669635] pci_bus 0000:00: root bus resource [mem 0x000a0000-0x000bffff window]
[    0.673298] pci_bus 0000:00: root bus resource [mem 0x40000000-0xfdffffff window]
[    0.678224] pci_bus 0000:00: root bus resource [bus 00-ff]
[    0.683991] pci 0000:00:01.1: legacy IDE quirk: reg 0x10: [io  0x01f0-0x01f7]
[    0.687245] pci 0000:00:01.1: legacy IDE quirk: reg 0x14: [io  0x03f6]
[    0.690427] pci 0000:00:01.1: legacy IDE quirk: reg 0x18: [io  0x0170-0x0177]
[    0.693237] pci 0000:00:01.1: legacy IDE quirk: reg 0x1c: [io  0x0376]
[    0.742686] pci 0000:00:07.0: quirk: [io  0x4000-0x403f] claimed by PIIX4 ACPI
[    0.745059] pci 0000:00:07.0: quirk: [io  0x4100-0x410f] claimed by PIIX4 SMB
[    0.761234] ACPI: PCI Interrupt Link [LNKA] (IRQs 5 9 10 *11)
[    0.763704] ACPI: PCI Interrupt Link [LNKB] (IRQs 5 9 *10 11)
[    0.766440] ACPI: PCI Interrupt Link [LNKC] (IRQs 5 *9 10 11)
[    0.779784] ACPI: PCI Interrupt Link [LNKD] (IRQs 5 9 10 *11)
[    0.782094] ACPI: Enabled 2 GPEs in block 00 to 07
[    0.784045] vgaarb: setting as boot device: PCI:0000:00:02.0
[    0.785732] vgaarb: device added: PCI:0000:00:02.0,decodes=io+mem,owns=io+mem,locks=none
[    0.788238] vgaarb: loaded
[    0.789272] vgaarb: bridge control possible 0000:00:02.0
[    0.792232] SCSI subsystem initialized
[    0.793750] ACPI: bus type USB registered
[    0.795055] usbcore: registered new interface driver usbfs
[    0.796731] usbcore: registered new interface driver hub
[    0.798474] usbcore: registered new device driver usb
[    0.800400] PCI: Using ACPI for IRQ routing
[    0.802222] NetLabel: Initializing
[    0.803360] NetLabel:  domain hash size = 128
[    0.804711] NetLabel:  protocols = UNLABELED CIPSOv4
[    0.806339] NetLabel:  unlabeled traffic allowed by default
[    0.808309] amd_nb: Cannot enumerate AMD northbridges
[    0.809953] clocksource: Switched to clocksource kvm-clock
[    0.823929] AppArmor: AppArmor Filesystem Enabled
[    0.825680] pnp: PnP ACPI init
[    0.828040] pnp: PnP ACPI: found 3 devices
[    0.841791] clocksource: acpi_pm: mask: 0xffffff max_cycles: 0xffffff, max_idle_ns: 2085701024 ns
[    0.844749] NET: Registered protocol family 2
[    0.846522] TCP established hash table entries: 8192 (order: 4, 65536 bytes)
[    0.848614] TCP bind hash table entries: 8192 (order: 5, 131072 bytes)
[    0.850621] TCP: Hash tables configured (established 8192 bind 8192)
[    0.852740] UDP hash table entries: 512 (order: 2, 16384 bytes)
[    0.854498] UDP-Lite hash table entries: 512 (order: 2, 16384 bytes)
[    0.856524] NET: Registered protocol family 1
[    0.858244] pci 0000:00:00.0: Limiting direct PCI/PCI transfers
[    0.860509] pci 0000:00:01.0: Activating ISA DMA hang workarounds
[    0.862670] Unpacking initramfs...
[    1.151873] Freeing initrd memory: 14840K
[    1.153579] clocksource: tsc: mask: 0xffffffffffffffff max_cycles: 0x26595493012, max_idle_ns: 440795227598 ns
[    1.158336] platform rtc_cmos: registered platform RTC device (no PNP device found)
[    1.160816] Scanning for low memory corruption every 60 seconds
[    1.163476] audit: initializing netlink subsys (disabled)
[    1.165209] audit: type=2000 audit(1579852563.569:1): initialized
[    1.167480] Initialise system trusted keyring
[    1.169671] HugeTLB registered 2 MB page size, pre-allocated 0 pages
[    1.173332] zbud: loaded
[    1.174743] VFS: Disk quotas dquot_6.6.0
[    1.176106] VFS: Dquot-cache hash table entries: 512 (order 0, 4096 bytes)
[    1.178359] squashfs: version 4.0 (2009/01/31) Phillip Lougher
[    1.180583] fuse init (API version 7.23)
[    1.182010] Key type big_key registered
[    1.183343] Allocating IMA MOK and blacklist keyrings.
[    1.188105] Key type asymmetric registered
[    1.190587] Asymmetric key parser 'x509' registered
[    1.192203] Block layer SCSI generic (bsg) driver version 0.4 loaded (major 249)
[    1.194784] io scheduler noop registered
[    1.196113] io scheduler deadline registered (default)
[    1.197785] io scheduler cfq registered
[    1.199348] pci_hotplug: PCI Hot Plug PCI Core version: 0.5
[    1.201050] pciehp: PCI Express Hot Plug Controller Driver version: 0.4
[    1.203387] ACPI: AC Adapter [AC] (on-line)
[    1.204896] input: Power Button as /devices/LNXSYSTM:00/LNXPWRBN:00/input/input0
[    1.207470] ACPI: Power Button [PWRF]
[    1.208772] input: Sleep Button as /devices/LNXSYSTM:00/LNXSLPBN:00/input/input1
[    1.211240] ACPI: Sleep Button [SLPF]
[    1.212800] GHES: HEST is not enabled!
[    1.214273] Serial: 8250/16550 driver, 32 ports, IRQ sharing enabled
[    1.215885] ACPI: Battery Slot [BAT0] (battery present)
[    1.238631] 00:02: ttyS0 at I/O 0x3f8 (irq = 4, base_baud = 115200) is a 16550A
[    1.242334] Linux agpgart interface v0.103
[    1.246248] loop: module loaded
[    1.248343] scsi host0: ata_piix
[    1.249623] scsi host1: ata_piix
[    1.250799] ata1: PATA max UDMA/33 cmd 0x1f0 ctl 0x3f6 bmdma 0xd000 irq 14
[    1.252959] ata2: PATA max UDMA/33 cmd 0x170 ctl 0x376 bmdma 0xd008 irq 15
[    1.255234] libphy: Fixed MDIO Bus: probed
[    1.256818] tun: Universal TUN/TAP device driver, 1.6
[    1.258407] tun: (C) 1999-2004 Max Krasnyansky <maxk@qualcomm.com>
[    1.260618] PPP generic driver version 2.4.2
[    1.262149] ehci_hcd: USB 2.0 'Enhanced' Host Controller (EHCI) Driver
[    1.264146] ehci-pci: EHCI PCI platform driver
[    1.265689] ehci-platform: EHCI generic platform driver
[    1.267392] ohci_hcd: USB 1.1 'Open' Host Controller (OHCI) Driver
[    1.269335] ohci-pci: OHCI PCI platform driver
[    1.270895] ohci-platform: OHCI generic platform driver
[    1.272572] uhci_hcd: USB Universal Host Controller Interface driver
[    1.274600] i8042: PNP: PS/2 Controller [PNP0303:PS2K,PNP0f03:PS2M] at 0x60,0x64 irq 1,12
[    1.277864] serio: i8042 KBD port at 0x60,0x64 irq 1
[    1.279453] serio: i8042 AUX port at 0x60,0x64 irq 12
[    1.281080] mousedev: PS/2 mouse device common for all mice
[    1.283648] rtc_cmos rtc_cmos: rtc core: registered rtc_cmos as rtc0
[    1.285631] input: AT Translated Set 2 keyboard as /devices/platform/i8042/serio0/input/input2
[    1.288412] rtc_cmos rtc_cmos: alarms up to one day, 114 bytes nvram
[    1.290409] i2c /dev entries driver
[    1.291649] device-mapper: uevent: version 1.0.3
[    1.293288] device-mapper: ioctl: 4.34.0-ioctl (2015-10-28) initialised: dm-devel@redhat.com
[    1.296015] ledtrig-cpu: registered to indicate activity on CPUs
[    1.298520] NET: Registered protocol family 10
[    1.300160] NET: Registered protocol family 17
[    1.301546] Key type dns_resolver registered
[    1.303600] registered taskstats version 1
[    1.304966] Loading compiled-in X.509 certificates
[    1.307378] Loaded X.509 cert 'Build time autogenerated kernel key: f0e56e97f406068ace47a9bf54316e9855aaaa43'
[    1.310324] zswap: loaded using pool lzo/zbud
[    1.314480] Key type trusted registered
[    1.320221] Key type encrypted registered
[    1.321609] AppArmor: AppArmor sha1 policy hashing enabled
[    1.323356] ima: No TPM chip found, activating TPM-bypass!
[    1.324965] ima: Allocated hash algorithm: sha1
[    1.326446] evm: HMAC attrs: 0x1
[    1.328051]   Magic number: 4:404:926
[    1.329382] rtc_cmos rtc_cmos: setting system clock to 2020-01-24 07:55:55 UTC (1579852555)
[    1.332158] BIOS EDD facility v0.16 2004-Jun-25, 0 devices found
[    1.333936] EDD information not available.
[    1.412588] Freeing unused kernel memory: 1488K
[    1.414229] Write protecting the kernel read-only data: 14336k
[    1.416904] Freeing unused kernel memory: 1604K
[    1.418704] Freeing unused kernel memory: 60K
Loading, please wait...
starting version 229
[    1.441931] random: systemd-udevd: uninitialized urandom read (16 bytes read, 2 bits of entropy available)
[    1.442955] random: udevadm: uninitialized urandom read (16 bytes read, 2 bits of entropy available)
[    1.442988] random: udevadm: uninitialized urandom read (16 bytes read, 2 bits of entropy available)
[    1.454700] random: systemd-udevd: uninitialized urandom read (16 bytes read, 2 bits of entropy available)
[    1.458806] random: systemd-udevd: uninitialized urandom read (16 bytes read, 2 bits of entropy available)
[    1.464413] random: systemd-udevd: uninitialized urandom read (16 bytes read, 2 bits of entropy available)
[    1.474981] random: udevadm: uninitialized urandom read (16 bytes read, 2 bits of entropy available)
[    1.475113] random: udevadm: uninitialized urandom read (16 bytes read, 2 bits of entropy available)
[    1.475629] random: udevadm: uninitialized urandom read (16 bytes read, 2 bits of entropy available)
[    1.475771] random: udevadm: uninitialized urandom read (16 bytes read, 2 bits of entropy available)
[    1.648133] Fusion MPT base driver 3.04.20
[    1.649926] Copyright (c) 1999-2008 LSI Corporation
[    1.688257] e1000: Intel(R) PRO/1000 Network Driver - version 7.3.21-k8-NAPI
[    1.693666] e1000: Copyright (c) 1999-2006 Intel Corporation.
[    1.729230] Fusion MPT SPI Host driver 3.04.20
[    1.747167] SSE version of gcm_enc/dec engaged.
[    1.916805] input: ImExPS/2 Generic Explorer Mouse as /devices/platform/i8042/serio1/input/input4
[    2.330538] e1000 0000:00:03.0 eth0: (PCI:33MHz:32-bit) 02:4f:25:6a:cc:77
[    2.332512] e1000 0000:00:03.0 eth0: Intel(R) PRO/1000 Network Connection
[    2.336449] e1000 0000:00:03.0 enp0s3: renamed from eth0
[    2.344421] mptbase: ioc0: Initiating bringup
[    2.410464] ioc0: LSI53C1030 A0: Capabilities={Initiator}
[    2.573794] scsi host2: ioc0: LSI53C1030 A0, FwRev=00000000h, Ports=1, MaxQ=256, IRQ=20
[    2.687129] scsi 2:0:0:0: Direct-Access     VBOX     HARDDISK         1.0  PQ: 0 ANSI: 5
[    2.691709] scsi target2:0:0: Beginning Domain Validation
[    2.697806] scsi target2:0:0: Domain Validation skipping write tests
[    2.699950] scsi target2:0:0: Ending Domain Validation
[    2.701714] scsi target2:0:0: asynchronous
[    2.704546] scsi 2:0:1:0: Direct-Access     VBOX     HARDDISK         1.0  PQ: 0 ANSI: 5
[    2.708194] scsi target2:0:1: Beginning Domain Validation
[    2.714556] scsi target2:0:1: Domain Validation skipping write tests
[    2.716543] scsi target2:0:1: Ending Domain Validation
[    2.718275] scsi target2:0:1: asynchronous
[    2.721029] scsi 2:0:2:0: Direct-Access     VBOX     HARDDISK         1.0  PQ: 0 ANSI: 5
[    2.724766] scsi target2:0:2: Beginning Domain Validation
[    2.729744] scsi target2:0:2: Domain Validation skipping write tests
[    2.732531] scsi target2:0:2: Ending Domain Validation
[    2.734935] scsi target2:0:2: asynchronous
[    2.738179] scsi 2:0:3:0: Direct-Access     VBOX     HARDDISK         1.0  PQ: 0 ANSI: 5
[    2.752639] scsi target2:0:3: Beginning Domain Validation
[    2.757512] scsi target2:0:3: Domain Validation skipping write tests
[    2.759905] scsi target2:0:3: Ending Domain Validation
[    2.761775] scsi target2:0:3: asynchronous
[    2.764586] scsi 2:0:4:0: Direct-Access     VBOX     HARDDISK         1.0  PQ: 0 ANSI: 5
[    2.767292] scsi target2:0:4: Beginning Domain Validation
[    2.772481] scsi target2:0:4: Domain Validation skipping write tests
[    2.775295] scsi target2:0:4: Ending Domain Validation
[    2.777137] scsi target2:0:4: asynchronous
[    2.780115] scsi 2:0:5:0: Direct-Access     VBOX     HARDDISK         1.0  PQ: 0 ANSI: 5
[    2.782962] scsi target2:0:5: Beginning Domain Validation
[    2.788591] scsi target2:0:5: Domain Validation skipping write tests
[    2.791868] scsi target2:0:5: Ending Domain Validation
[    2.793785] scsi target2:0:5: asynchronous
[    2.806447] sd 2:0:0:0: Attached scsi generic sg0 type 0
[    2.807405] sd 2:0:0:0: [sda] 20971520 512-byte logical blocks: (10.7 GB/10.0 GiB)
[    2.807690] sd 2:0:0:0: [sda] Write Protect is off
[    2.807893] sd 2:0:0:0: [sda] Incomplete mode parameter data
[    2.807896] sd 2:0:0:0: [sda] Assuming drive cache: write through
[    2.819168] sd 2:0:1:0: Attached scsi generic sg1 type 0
[    2.819757] sd 2:0:1:0: [sdb] 20480 512-byte logical blocks: (10.5 MB/10.0 MiB)
[    2.820084] sd 2:0:1:0: [sdb] Write Protect is off
[    2.820524] sd 2:0:1:0: [sdb] Incomplete mode parameter data
[    2.820526] sd 2:0:1:0: [sdb] Assuming drive cache: write through
[    2.831518] sd 2:0:2:0: Attached scsi generic sg2 type 0
[    2.832065] sd 2:0:2:0: [sdc] 614400 512-byte logical blocks: (315 MB/300 MiB)
[    2.832380] sd 2:0:2:0: [sdc] Write Protect is off
[    2.832612] sd 2:0:2:0: [sdc] Incomplete mode parameter data
[    2.832614] sd 2:0:2:0: [sdc] Assuming drive cache: write through
[    2.835760] sd 2:0:2:0: [sdc] Attached SCSI disk
[    2.843792]  sda: sda1
[    2.844992] sd 2:0:0:0: [sda] Attached SCSI disk
[    2.848038] sd 2:0:3:0: Attached scsi generic sg3 type 0
[    2.848345] sd 2:0:3:0: [sdd] 614400 512-byte logical blocks: (315 MB/300 MiB)
[    2.848672] sd 2:0:3:0: [sdd] Write Protect is off
[    2.848865] sd 2:0:3:0: [sdd] Incomplete mode parameter data
[    2.848868] sd 2:0:3:0: [sdd] Assuming drive cache: write through
[    2.851238] sd 2:0:3:0: [sdd] Attached SCSI disk
[    2.861137] sd 2:0:4:0: Attached scsi generic sg4 type 0
[    2.861700] sd 2:0:4:0: [sde] 614400 512-byte logical blocks: (315 MB/300 MiB)
[    2.862010] sd 2:0:4:0: [sde] Write Protect is off
[    2.862258] sd 2:0:4:0: [sde] Incomplete mode parameter data
[    2.862261] sd 2:0:4:0: [sde] Assuming drive cache: write through
[    2.865464] sd 2:0:4:0: [sde] Attached SCSI disk
[    2.874069] sd 2:0:5:0: Attached scsi generic sg5 type 0
[    2.874636] sd 2:0:5:0: [sdf] 614400 512-byte logical blocks: (315 MB/300 MiB)
[    2.874849] sd 2:0:5:0: [sdf] Write Protect is off
[    2.874991] sd 2:0:5:0: [sdf] Incomplete mode parameter data
[    2.874993] sd 2:0:5:0: [sdf] Assuming drive cache: write through
[    2.877973] sd 2:0:5:0: [sdf] Attached SCSI disk
[    2.879950] sd 2:0:1:0: [sdb] Attached SCSI disk
Begin: Loading essential drivers ... [    4.583050] md: linear personality registered for level -1
[    4.590072] md: multipath personality registered for level -4
[    4.596493] md: raid0 personality registered for level 0
[    4.604455] md: raid1 personality registered for level 1
[    4.678671] raid6: sse2x1   gen()  7051 MB/s
[    4.746022] raid6: sse2x1   xor()  3737 MB/s
[    4.814267] raid6: sse2x2   gen()  7001 MB/s
[    4.882582] raid6: sse2x2   xor()  5062 MB/s
[    4.950648] raid6: sse2x4   gen()  6978 MB/s
[    5.036211] raid6: sse2x4   xor()  3174 MB/s
[    5.040021] raid6: using algorithm sse2x1 gen() 7051 MB/s
[    5.042905] raid6: .... xor() 3737 MB/s, rmw enabled
[    5.045336] raid6: using ssse3x2 recovery algorithm
[    5.049479] xor: measuring software checksum speed
[    5.090419]    prefetch64-sse: 11709.000 MB/sec
[    5.130426]    generic_sse:  9140.000 MB/sec
[    5.132100] xor: using function: prefetch64-sse (11709.000 MB/sec)
[    5.139410] async_tx: api initialized (async)
[    5.173273] md: raid6 personality registered for level 6
[    5.175501] md: raid5 personality registered for level 5
[    5.177708] md: raid4 personality registered for level 4
[    5.192741] md: raid10 personality registered for level 10
done.
Begin: Running /scripts/init-premount ... done.
Begin: Mounting root file system ... Begin: Running /scripts/local-top ... done.
Begin: Running /scripts/local-premount ... [    5.250398] Btrfs loaded
Scanning for Btrfs filesystems
[    6.051757] random: nonblocking pool is initialized
done.
Warning: fsck not present, so skipping root file system
[    8.026607] EXT4-fs (sda1): mounted filesystem with ordered data mode. Opts: (null)
done.
Begin: Running /scripts/local-bottom ... done.
Begin: Running /scripts/init-bottom ... done.
[    8.861111] systemd[1]: systemd 229 running in system mode. (+PAM +AUDIT +SELINUX +IMA +APPARMOR +SMACK +SYSVINIT +UTMP +LIBCRYPTSETUP +GCRYPT +GNUTLS +ACL +XZ -LZ4 +SECCOMP +BLKID +ELFUTILS +KMOD -IDN)
[    8.868046] systemd[1]: Detected virtualization oracle.
[    8.870792] systemd[1]: Detected architecture x86-64.

Welcome to [1mUbuntu 16.04.6 LTS[0m!

[    8.923327] systemd[1]: Set hostname to <ubuntu>.
[    8.993986] systemd[1]: Initializing machine ID from random generator.
[    8.996253] systemd[1]: Installed transient /etc/machine-id file.
[   10.278651] systemd[1]: Reached target System Time Synchronized.
[[0;32m  OK  [0m] Reached target System Time Synchronized.
[   10.282753] systemd[1]: Listening on /dev/initctl Compatibility Named Pipe.
[[0;32m  OK  [0m] Listening on /dev/initctl Compatibility Named Pipe.
[   10.287137] systemd[1]: Started Forward Password Requests to Wall Directory Watch.
[[0;32m  OK  [0m] Started Forward Password Requests to Wall Directory Watch.
[   10.292750] systemd[1]: Created slice System Slice.
[[0;32m  OK  [0m] Created slice System Slice.
[   10.302569] systemd[1]: Created slice system-serial\x2dgetty.slice.
[[0;32m  OK  [0m] Created slice system-serial\x2dgetty.slice.
[   10.314663] systemd[1]: Reached target Swap.
[[0;32m  OK  [0m] Reached target Swap.
[   10.317994] systemd[1]: Listening on udev Control Socket.
[[0;32m  OK  [0m] Listening on udev Control Socket.
[   10.321604] systemd[1]: Listening on LVM2 poll daemon socket.
[[0;32m  OK  [0m] Listening on LVM2 poll daemon socket.
[   10.325752] systemd[1]: Created slice User and Session Slice.
[[0;32m  OK  [0m] Created slice User and Session Slice.
[   10.329396] systemd[1]: Listening on Device-mapper event daemon FIFOs.
[[0;32m  OK  [0m] Listening on Device-mapper event daemon FIFOs.
[   10.333456] systemd[1]: Reached target User and Group Name Lookups.
[[0;32m  OK  [0m] Reached target User and Group Name Lookups.
[   10.337468] systemd[1]: Reached target Encrypted Volumes.
[[0;32m  OK  [0m] Reached target Encrypted Volumes.
[   10.341096] systemd[1]: Started Trigger resolvconf update for networkd DNS.
[[0;32m  OK  [0m] Started Trigger resolvconf update for networkd DNS.
[   10.345556] systemd[1]: Listening on Journal Socket (/dev/log).
[[0;32m  OK  [0m] Listening on Journal Socket (/dev/log).
[   10.349532] systemd[1]: Listening on udev Kernel Socket.
[[0;32m  OK  [0m] Listening on udev Kernel Socket.
[   10.358762] systemd[1]: Set up automount Arbitrary Executable File Formats File System Automount Point.
[[0;32m  OK  [0m] Set up automount Arbitrary Executab...ats File System Automount Point.
[   10.366300] systemd[1]: Listening on Syslog Socket.
[[0;32m  OK  [0m] Listening on Syslog Socket.
[   10.374268] systemd[1]: Listening on Journal Socket.
[[0;32m  OK  [0m] Listening on Journal Socket.
[   10.438647] systemd[1]: Starting Load Kernel Modules...
         Starting Load Kernel Modules...
[   10.443493] systemd[1]: Starting Create list of required static device nodes for the current kernel...
         Starting Create list of required st... nodes for the current kernel...
[   10.482527] systemd[1]: Mounting Debug File System...
         Mounting Debug File System...
[   10.487691] systemd[1]: Starting Remount Root and Kernel File Systems...
         Starting Remount Root and Kernel File Systems...
[   10.493973] systemd[1]: Mounting POSIX Message Queue File System...
         Mounting POSIX Message Queue File System...
[   10.498532] systemd[1]: Listening on LVM2 metadata daemon socket.
[[0;32m  OK  [0m] Listening on LVM2 metadata daemon socket.
[   10.503827] systemd[1]: Starting Monitoring of LVM2 mirrors, snapshots etc. using dmeventd or progress polling...
         Starting Monitoring of LVM2 mirrors... dmeventd or progress polling...
[   10.520031] systemd[1]: Starting Nameserver information manager...
         Starting Nameserver information manager...
[   10.526358] systemd[1]: Mounting Huge Pages File System...
         Mounting Huge Pages File System...
[   10.531049] systemd[1]: Listening on Journal Audit Socket.
[[0;32m  OK  [0m] Listening on Journal Audit Socket.
[   10.538834] systemd[1]: Starting Uncomplicated firewall...
         Starting Uncomplicated firewall...
[   10.543020] systemd[1]: Reached target Slices.
[[0;32m  OK  [0m] Reached target Slices.
[   10.547963] systemd[1]: Starting Journal Service...
         Starting Journal Service...
[   10.553191] systemd[1]: Starting Set console keymap...
         Starting Set console keymap...
[   10.561246] systemd[1]: Started Create list of required static device nodes for the current kernel.
[[0;32m  OK  [0m] Started Create list of required sta...ce nodes for the current kernel.
[   10.580954] systemd[1]: Mounted Huge Pages File System.
[[0;32m  OK  [0m] Mounted Huge Pages File System.
[   10.585696] systemd[1]: Mounted POSIX Message Queue File System.
[   10.587824] EXT4-fs (sda1): re-mounted. Opts: (null)
[[0;32m  OK  [0m] Mounted POSIX Message Queue File System.
[   10.593483] systemd[1]: Mounted Debug File System.
[[0;32m  OK  [0m] Mounted Debug File System.
[   10.597762] systemd[1]: Started Remount Root and Kernel File Systems.
[[0;32m  OK  [0m] Started Remount Root and Kernel File Systems.
[   10.611371] systemd[1]: Started Uncomplicated firewall.
[[0;32m  OK  [0m] Started Uncomplicated firewall.
[   10.620943] Loading iSCSI transport class v2.0-870.
[   10.678702] systemd[1]: Starting udev Coldplug all Devices...
         Starting udev Coldplug all Devices...
[   10.684369] systemd[1]: Starting Load/Save Random Seed...
         Starting Load/Save Random Seed...
[   10.690318] systemd[1]: Starting Create Static Device Nodes in /dev...
         Starting Create Static Device Nodes in /dev...
[   10.697186] systemd[1]: Started Nameserver information manager.
[[0;32m  OK  [0m] Started Nameserver information manager.
[   10.752252] iscsi: registered transport (tcp)
[   11.014474] systemd[1]: Started udev Coldplug all Devices.
[[0;32m  OK  [0m] Started udev Coldplug all Devices.
[   11.022957] iscsi: registered transport (iser)
[   11.029005] systemd[1]: Started Load Kernel Modules.
[[0;32m  OK  [0m] Started Load Kernel Modules.
[   11.050325] systemd[1]: Mounting FUSE Control File System...
         Mounting FUSE Control File System...
[   11.058360] systemd[1]: Starting Apply Kernel Variables...
         Starting Apply Kernel Variables...
[   11.071899] systemd[1]: Mounted FUSE Control File System.
[[0;32m  OK  [0m] Mounted FUSE Control File System.
[   11.093275] systemd[1]: Started Set console keymap.
[[0;32m  OK  [0m] Started Set console keymap.
[   11.141889] systemd[1]: Started Journal Service.
[[0;32m  OK  [0m] Started Journal Service.
         Starting Flush Journal to Persistent Storage...
[[0;32m  OK  [0m] Started Load/Save Random Seed.
[[0;32m  OK  [0m] Started LVM2 metadata daemon.
[[0;32m  OK  [0m] Started Apply Kernel Variables.
[[0;32m  OK  [0m] Started Flush Journal to Persistent Storage.
[[0;32m  OK  [0m] Started Create Static Device Nodes in /dev.
         Starting udev Kernel Device Manager...
[[0;32m  OK  [0m] Started Monitoring of LVM2 mirrors,...ng dmeventd or progress polling.
[[0;32m  OK  [0m] Reached target Local File Systems (Pre).
[[0;32m  OK  [0m] Reached target Local File Systems.
         Starting LSB: AppArmor initialization...
         Starting Commit a transient machine-id on disk...
         Starting Tell Plymouth To Write Out Runtime Data...
         Starting Set console font and keymap...
         Starting Initial cloud-init job (pre-networking)...
         Starting Create Volatile Files and Directories...
[[0;32m  OK  [0m] Started Commit a transient machine-id on disk.
[[0;32m  OK  [0m] Started Create Volatile Files and Directories.
         Starting Update UTMP about System Boot/Shutdown...
[[0;32m  OK  [0m] Started Tell Plymouth To Write Out Runtime Data.
[[0;32m  OK  [0m] Started Update UTMP about System Boot/Shutdown.
[[0;32m  OK  [0m] Started udev Kernel Device Manager.
[[0;32m  OK  [0m] Started Dispatch Password Requests to Console Directory Watch.
[[0;32m  OK  [0m] Found device /dev/ttyS0.
[[0;32m  OK  [0m] Started Set console font and keymap.
[[0;32m  OK  [0m] Created slice system-getty.slice.
[[0;32m  OK  [0m] Listening on Load/Save RF Kill Switch Status /dev/rfkill Watch.
[[0;32m  OK  [0m] Started LSB: AppArmor initialization.
[   18.658274] cloud-init[488]: Cloud-init v. 19.2-36-g059d049c-0ubuntu2~16.04.1 running 'init-local' at Fri, 24 Jan 2020 07:56:12 +0000. Up 17.75 seconds.
[[0;32m  OK  [0m] Started Initial cloud-init job (pre-networking).
[[0;32m  OK  [0m] Reached target Network (Pre).
         Starting Raise network interfaces...
[[0;32m  OK  [0m] Started Raise network interfaces.
[[0;32m  OK  [0m] Reached target Network.
         Starting Initial cloud-init job (metadata service crawler)...
[   21.947870] cloud-init[1033]: Cloud-init v. 19.2-36-g059d049c-0ubuntu2~16.04.1 running 'init' at Fri, 24 Jan 2020 07:56:14 +0000. Up 19.62 seconds.
[   21.954594] cloud-init[1033]: ci-info: ++++++++++++++++++++++++++++++++++++++Net device info++++++++++++++++++++++++++++++++++++++
[   21.959931] cloud-init[1033]: ci-info: +--------+------+----------------------------+---------------+--------+-------------------+
[   21.965794] cloud-init[1033]: ci-info: | Device |  Up  |          Address           |      Mask     | Scope  |     Hw-Address    |
[   21.971420] cloud-init[1033]: ci-info: +--------+------+----------------------------+---------------+--------+-------------------+
[   21.977582] cloud-init[1033]: ci-info: | enp0s3 | True |         10.0.2.15          | 255.255.255.0 | global | 02:4f:25:6a:cc:77 |
[   21.982360] cloud-init[1033]: ci-info: | enp0s3 | True | fe80::4f:25ff:fe6a:cc77/64 |       .       |  link  | 02:4f:25:6a:cc:77 |
[   21.988475] cloud-init[1033]: ci-info: |   lo   | True |         127.0.0.1          |   255.0.0.0   |  host  |         .         |
[   21.993828] cloud-init[1033]: ci-info: |   lo   | True |          ::1/128           |       .       |  host  |         .         |
[   21.998758] cloud-init[1033]: ci-info: +--------+------+----------------------------+---------------+--------+-------------------+
[   22.005537] cloud-init[1033]: ci-info: +++++++++++++++++++++++++++Route IPv4 info++++++++++++++++++++++++++++
[   22.009989] cloud-init[1033]: ci-info: +-------+-------------+----------+---------------+-----------+-------+
[   22.014030] cloud-init[1033]: ci-info: | Route | Destination | Gateway  |    Genmask    | Interface | Flags |
[   22.018335] cloud-init[1033]: ci-info: +-------+-------------+----------+---------------+-----------+-------+
[   22.023770] cloud-init[1033]: ci-info: |   0   |   0.0.0.0   | 10.0.2.2 |    0.0.0.0    |   enp0s3  |   UG  |
[   22.029246] cloud-init[1033]: ci-info: |   1   |   10.0.2.0  | 0.0.0.0  | 255.255.255.0 |   enp0s3  |   U   |
[   22.034040] cloud-init[1033]: ci-info: +-------+-------------+----------+---------------+-----------+-------+
[   22.038619] cloud-init[1033]: ci-info: +++++++++++++++++++Route IPv6 info+++++++++++++++++++
[   22.043096] cloud-init[1033]: ci-info: +-------+-------------+---------+-----------+-------+
[   22.046988] cloud-init[1033]: ci-info: | Route | Destination | Gateway | Interface | Flags |
[   22.050836] cloud-init[1033]: ci-info: +-------+-------------+---------+-----------+-------+
[   22.056166] cloud-init[1033]: ci-info: |   0   |  fe80::/64  |    ::   |   enp0s3  |   U   |
[   22.059373] cloud-init[1033]: ci-info: |   3   |   ff00::/8  |    ::   |   enp0s3  |   U   |
[   22.062995] cloud-init[1033]: ci-info: +-------+-------------+---------+-----------+-------+
[   22.065657] cloud-init[1033]: Generating public/private rsa key pair.
[   22.068268] cloud-init[1033]: Your identification has been saved in /etc/ssh/ssh_host_rsa_key.
[   22.071840] cloud-init[1033]: Your public key has been saved in /etc/ssh/ssh_host_rsa_key.pub.
[   22.084788] [[0;32m  OK  [0m] Started Initial cloud-init job (metadata service crawler).
[[0;32m  OK  [0m] Reached target Network is Online.
cloud-init[1033]: The key fingerprint is:
[   22.092772] cloud-init[1033]: SHA256:D12ogugZ0mBjt4gouUZGS7BO6f0Jfbi3sUwRb8r3hYI root@ubuntu-xenial
[   22.096458] cloud-init[1033]: The key's randomart image is:
[   22.099114] cloud-init         Starting iSCSI initiator daemon (iscsid)...
[[0;32m  OK  [0m] Reached target System Initialization.
         Starting Socket activation for snappy daemon.
[1033]: +---[RSA 2048]----+
[[0;32m  OK  [0m] Listening on D-Bus System Message Bus Socket.
[   22.110060] cloud-init[1033]: |.                |
[   22.113804] cloud-init[1033]: |...        .     |
[   22.115938] cloud-init[1033]: |oO .   .  . .    |
[   22.118231] cloud-init[1033]: |@+*.o.. oo .     |
[   22.120599] cloud-init[1033]: |*B++.o.oSo.      |
[   22.122885] cloud-init[1033]: |++ oo =.=o  .    |
[   22.126745] cloud-init[1033]: |..o  + E o.. .   |
[   22.129025] cloud-init[1033]: |.     + = o .    |
[   22.131109] cloud-init[1033]: |       +   .     |
[   22.141498] cloud-init[1033]: +----[SHA256]-----+
[   22.143823] cloud-init[1033]: Generating public/private dsa key pair.
[   22.146478] cloud-init[1033]: Your identification has been saved in /etc/ssh/ssh_host_dsa_key.
[   22.149908] cloud-init[1033]: Your public key has been saved in /etc/ssh/ssh_host_dsa_key.pub.
[   22.153630] cloud-init[1033]: The key fingerprint is:
[   22.155813] cloud-init[1033]: SHA256:9Dxuc5rPZMBfDvDGC7yMQzYGov06JjgXj16v5L3tpls root@ubuntu-xenial
[   22.158834] cloud-init[1033]: The key's randomart image is:
[   22.160952] cloud-init[1033]: +---[DSA 1024]----+
[   22.163013] cloud-init[1033]: |                 |
[   22.165316] cloud-init[1033]: |                 |
[   22.167081] cloud-init[1033]: |    . . . .      |
[   22.169409] cloud-init[1033]: |   o . o = +     |
[   22.171453] cloud-init[1033]: |  . .   S O = .  |
[   22.181468] cloud-init[1033]: |  .  . + = B =   |
[   22.189199] cloud-init[1033]: | . +o . E * * .  |
[   22.191795] cloud-init[1033]: |o ++++ o.o O     |
[   22.194306] cloud-init[1033]: | +.o+o**o o.o    |
[   22.196719] cloud-init[1033]: +----[SHA256]-----+
[[0;32m  OK  [0m] Started ACPI Events Check.
[   22.211017] cloud-init[1033]: Generating public/private ecdsa key pair.
[   22.214570] cloud-init[1033]: Your identification has been saved in /etc/ssh/ssh_host_ecdsa_key.
[[0;32m  OK  [0m] Reached target Paths.
[[0;32m  OK  [0m] Started Daily apt download activities.
[   22.230886] cloud-init[1033]: Your public key has been saved in /etc/ssh/ssh_host_ecdsa_key.pub.
[[0;32m  OK  [0m] Started Daily apt upgrade and clean activities.[   22.245000] cloud-init[1033]: The key fingerprint is:
[   22.246843] cloud-init[1033]: SHA256:mwJZTergpUrdWYtbb9B34edEbbS2UCynMZMYpX9rL0Y root@ubuntu-xenial
[[0;32m  OK  [0m] Started Message of the Day.

[   22.252758] cloud-init[1033]: The key's randomart image is:
[   22.255408] cloud-init[1033]: +---[ECDSA 256]---+
[   22.257736] cloud-init[1033]: |        .  .+.o..|
[   22.265457] cloud-init[1033]: |       +   ..*.+o|
[   22.268013] cloud-init[1033]: |    . + o  . .Oo+|
[   22.277054] cloud-init[1033]: |   o O + o  .oo+.|
[   22.279674] cloud-init[1033]: |  . * = S . ..ooo|
[   22.281831] cloud-init[1033]: | . . . o = . .E+.|
[   22.288821] cloud-init[1033]: |  .   o o o  . o.|
[   22.291303] cloud-init[1033]: |       . .    + .|
[   22.293595] cloud-init[1033]: |             . ..|
[   22.301687] cloud-init[1033]: +----[SHA256]-----+
[   22.309284] cloud-init[1033]: Generating public/private ed25519 key pair.
[   22.314058]          Starting LXD - unix socket.
[[0;32m  OK  [0m] Listening on UUID daemon activation socket.
[[0;32m  OK  [0m] Listening on ACPID Listen Socket.
[[0;32m  OK  [0m] Started Daily Cleanup of Temporary Directories.
[[0;32m  OK  [0m] Reached target Timers.
[[0;32m  OK  [0m] Reached target Cloud-config availability.
[[0;32m  OK  [0m] Listening on Socket activation for snappy daemon.
[[0;32m  OK  [0m] Listening on LXD - unix socket.
cloud-init[1033]: Your identification has been saved in /etc/ssh/ssh_host_ed25519_key.
[   22.333581] cloud-init[1033]: Your public key has been saved in /etc/ssh/ssh_host_ed25519_key.pub.[
[0;32m  OK  [0m] Reached target Sockets.
[   22.339494] [[0;32m  OK  [0m] Reached target Basic System.
cloud-init[1033]: The key fingerprint is:
[   22.344128] cloud-init[1033]: SHA256:DLVDu8/GxRDiSQ0wmJnlwzg/81vxOiJuH/mTV/KfMms root@ubuntu-xenial
[   22.347669] cloud-init[1033]: The key's randomart image is:
[   22.350752] cloud-init[1033]: +--[ED25519 256]--+
[   22.354332] cloud-init[1033]: |     *+.*o.      |
[   22.357023] cloud-init[1033]: |    =+ * =..     |
[   22.364834] cloud-init[1033]: |    o = * .      |
[[0;32m  OK  [0m] Started D-Bus System Message Bus.
[   22.373765] cloud-init[1033]: |     o + o o     |
[   22.378697] cloud-init[1033]: |      + S . o    |
[   22.381234] cloud-init[1033]: |       + = +. .  |
[   22.383152] cloud-init[1033]: |        + *..+   |
[   22.393281] cloud-init[1033]: |      o .*+..E. .|
[   22.395990] cloud-init[1033]: |     o.oo.o+..+o.|
[   22.402041] cloud-init[1033]: +----[SHA256]-----+
[[0;32m  OK  [0m] Started Regular background program processing daemon.
         Starting Virtualbox guest utils...
         Starting LSB: Record successful boot for GRUB...
[[0;32m  OK  [0m] Started Deferred execution scheduler.
         Starting LSB: MD monitoring daemon...
         Starting Login Service...
[[0;32m  OK  [0m] Started FUSE filesystem for LXC.
         Starting Accounts Service...
         Starting /etc/rc.local Compatibility...
         Starting LXD - container startup/shutdown...
         Starting Snappy daemon...
         Starting System Logging Service...
[[0;32m  OK  [0m] Started ACPI event daemon.
         Starting Pollinate to seed the pseudo random number generator...
[[0;32m  OK  [0m] Started /etc/rc.local Compatibility.
[[0;32m  OK  [0m] Started Login Service.
[[0;32m  OK  [0m] Started Unattended Upgrades Shutdown.
[[0;32m  OK  [0m] Started iSCSI initiator daemon (iscsid).
         Starting Login to default iSCSI targets...
[[0;32m  OK  [0m] Started LSB: MD monitoring daemon.
[[0;32m  OK  [0m] Started System Logging Service.
[[0;32m  OK  [0m] Started Login to default iSCSI targets.
[[0;32m  OK  [0m] Reached target Remote File Systems (Pre).
[[0;32m  OK  [0m] Reached target Remote File Systems.
         Starting LSB: automatic crash report generation...
         Starting LSB: daemon to balance interrupts for SMP systems...
         Starting LSB: Set the CPU Frequency Scaling governor to "ondemand"...
         Starting Permit User Sessions...
[[0;32m  OK  [0m] Started LSB: Set the CPU Frequency Scaling governor to "ondemand".
[[0;32m  OK  [0m] Started LSB: Record successful boot for GRUB.
[[0;32m  OK  [0m] Started Permit User Sessions.
         Starting Hold until boot process finishes up...
         Starting Terminate Plymouth Boot Screen...
[[0;32m  OK  [0m] Started LSB: automatic crash report generation.
[[0;32m  OK  [0m] Started Hold until boot process finishes up.
[[0;32m  OK  [0m] Started Terminate Plymouth Boot Screen.
[[0;32m  OK  [0m] Started Serial Getty on ttyS0.
[[0;32m  OK  [0m] Started Getty on tty1.
[[0;32m  OK  [0m] Reached target Login Prompts.
         Starting Set console scheme...
[[0;32m  OK  [0m] Started Set console scheme.
[[0;32m  OK  [0m] Started LSB: daemon to balance interrupts for SMP systems.
[[0;32m  OK  [0m] Started Virtualbox guest utils.
         Starting Authenticate and Authorize Users to Run Privileged Tasks...
[[0;32m  OK  [0m] Started Authenticate and Authorize Users to Run Privileged Tasks.
[[0;32m  OK  [0m] Started Accounts Service.
[[0;32m  OK  [0m] Started Pollinate to seed the pseudo random number generator.
         Starting OpenBSD Secure Shell server...
[[0;32m  OK  [0m] Started Snappy daemon.
         Starting Wait until snapd is fully seeded...
[[0;32m  OK  [0m] Started OpenBSD Secure Shell server.
[[0;32m  OK  [0m] Started LXD - container startup/shutdown.
[[0;32m  OK  [0m] Created slice User Slice of vagrant.
         Starting User Manager for UID 1000...
[[0;32m  OK  [0m] Started Session 1 of user vagrant.
[[0;32m  OK  [0m] Started User Manager for UID 1000.

Ubuntu 16.04.6 LTS ubuntu-xenial ttyS0

ubuntu-xenial login: [   33.024711] cloud-init[1473]: Generating locales (this might take a while)...
[   36.248255] cloud-init[1473]:   en_US.UTF-8... done
[   36.252919] cloud-init[1473]: Generation complete.
[   38.465881] cloud-init[1473]: Cloud-init v. 19.2-36-g059d049c-0ubuntu2~16.04.1 running 'modules:config' at Fri, 24 Jan 2020 07:56:26 +0000. Up 32.31 seconds.
ci-info: no authorized ssh keys fingerprints found for user ubuntu.
<14>Jan 24 07:56:33 ec2: 
<14>Jan 24 07:56:33 ec2: #############################################################
<14>Jan 24 07:56:33 ec2: -----BEGIN SSH HOST KEY FINGERPRINTS-----
<14>Jan 24 07:56:33 ec2: 1024 SHA256:9Dxuc5rPZMBfDvDGC7yMQzYGov06JjgXj16v5L3tpls root@ubuntu-xenial (DSA)
<14>Jan 24 07:56:33 ec2: 256 SHA256:mwJZTergpUrdWYtbb9B34edEbbS2UCynMZMYpX9rL0Y root@ubuntu-xenial (ECDSA)
<14>Jan 24 07:56:33 ec2: 256 SHA256:DLVDu8/GxRDiSQ0wmJnlwzg/81vxOiJuH/mTV/KfMms root@ubuntu-xenial (ED25519)
<14>Jan 24 07:56:33 ec2: 2048 SHA256:D12ogugZ0mBjt4gouUZGS7BO6f0Jfbi3sUwRb8r3hYI root@ubuntu-xenial (RSA)
<14>Jan 24 07:56:33 ec2: -----END SSH HOST KEY FINGERPRINTS-----
<14>Jan 24 07:56:33 ec2: #############################################################
-----BEGIN SSH HOST KEY KEYS-----
ecdsa-sha2-nistp256 AAAAE2VjZHNhLXNoYTItbmlzdHAyNTYAAAAIbmlzdHAyNTYAAABBBNpF6RfxMhRQ3zlenWY39UaBgDqRq8IlvE7h26auYOblPdGm9rNiQh2445Y36qDsGmJjlDWmtQJ+1Z+i/KyXayo= root@ubuntu-xenial
ssh-ed25519 AAAAC3NzaC1lZDI1NTE5AAAAIO708tWGzAI1v790tMsXIGbfXwiEbf515jF2jrk3Gybi root@ubuntu-xenial
ssh-rsa AAAAB3NzaC1yc2EAAAADAQABAAABAQCorxFmmEbzlAj75ZMilHRo523wa8cYoMMW5osiOxoyx3QhVVl639++WRigxd6rkVbha3WVvoqlRMsXqH3KiNQmvBrSrp3+msw7tmGbct18aurEfsylk9RRh/nwDjOZGzQcJ2/4xz0npz7y8w6hCj5khFJQfZ3bEgaH7ZF7UqJxo2SKNDr1U+qG/RKDNh5RPzanBdh8FwL5s+X8hxKJ37RprN9HTZWvHYpPNqHHzo199NBB90L2BJKd11Fwk8VbRazTmSDO3wbhnRdtzZwwPjWx5eL40cOj6cH5KcQqci2O8vgew8+wVNZhJGOch21Eubrj/3dmENLXUAbv2AEk7/Uz root@ubuntu-xenial
-----END SSH HOST KEY KEYS-----
[   39.504672] cloud-init[1637]: Cloud-init v. 19.2-36-g059d049c-0ubuntu2~16.04.1 running 'modules:final' at Fri, 24 Jan 2020 07:56:33 +0000. Up 39.09 seconds.
[   39.510310] cloud-init[1637]: ci-info: no authorized ssh keys fingerprints found for user ubuntu.
[   39.513961] cloud-init[1637]: Cloud-init v. 19.2-36-g059d049c-0ubuntu2~16.04.1 finished at Fri, 24 Jan 2020 07:56:33 +0000. Datasource DataSourceNoCloud [seed=/dev/sdb][dsmode=net].  Up 39.47 seconds
